gcc -g p2original.c
 ./a.out
enter the value of a
69
enter the value of a
87
enter the value of a
54
large value 87
 gdb a.out
GNU gdb (Ubuntu 8.1.1-0ubuntu1) 8.1.1
Copyright (C) 2018 Free Software Foundation, Inc.
License GPLv3+: GNU GPL version 3 or later <http://gnu.org/licenses/gpl.html>
This is free software: you are free to change and redistribute it.
There is NO WARRANTY, to the extent permitted by law.  Type "show copying"
and "show warranty" for details.
This GDB was configured as "x86_64-linux-gnu".
Type "show configuration" for configuration details.
For bug reporting instructions, please see:
<http://www.gnu.org/software/gdb/bugs/>.
Find the GDB manual and other documentation resources online at:
<http://www.gnu.org/software/gdb/documentation/>.
For help, type "help".
Type "apropos word" to search for commands related to "word"...
Reading symbols from a.out...done.
(gdb) b main
Breakpoint 1 at 0x832: file p2original.c, line 33.
(gdb) r
Starting program: /home/runner/pps-IA1-practice/a.out 
warning: Error disabling address space randomization: Operation not permitted

Breakpoint 1, main () at p2original.c:33
33    a=input();
(gdb) n
enter the value of a
s
34    b=input();
(gdb) s
input () at p2original.c:3
3   {
(gdb) p
The history is empty.
(gdb) l
1   #include<stdio.h>
2   int input()
3   {
4     int a;
5     printf("enter the value of a\n");
6     scanf("%d",&a);
7     return a;
8   }
9   int cmp(int a,int b,int c)
10  {
(gdb) c
Continuing.
enter the value of a
enter the value of a
large value 32556
[Inferior 1 (process 349) exited normally]
(gdb) 